// Jest Snapshot v1, https://goo.gl/fbAQLP

exports[`App connected component displays explorer, pane container and loader 1`] = `
<body>
  <div>
     
    <aside>
      <h1>
        <span
          class="material-icons"
        >
          handyman
        </span>
         
        <span>
          Atelier
        </span>
      </h1>
       
      <nav>
        <ul>
          <li>
            <button
              title="Modifier la couleur de fond de l'atelier"
            >
              <span
                class="material-icons"
              >
                wallpaper
              </span>
            </button>
          </li>
           
          <li>
            <button
              title="Redimensionner la taille de l'atelier"
            >
              <span
                class="material-icons"
              >
                devices
              </span>
            </button>
             
          </li>
        </ul>
      </nav>
       
      <ul />
    </aside>
     
    <main>
      <span
        class="viewport-container"
      >
        <div
          class="viewport"
        >
          <div
            class="loader"
          >
            <svg
              class="animate-spin"
              role="progressbar"
              viewBox="22 22 44 44"
            >
              <circle
                cx="44"
                cy="44"
                fill="none"
                r="20.2"
                stroke-width="3.6"
              />
            </svg>
          </div>
           
          <iframe
            src="workframe.html"
            title="workframe"
          />
        </div>
      </span>
       
      <div
        class="root has-collapsed"
      >
        <nav>
          <ul>
            
            
             
            <li>
              <button
                title="Réduire/Etendre"
              >
                <span
                  class="material-icons"
                >
                  expand_less
                </span>
              </button>
            </li>
          </ul>
        </nav>
         
        <main
          class="tab-content collapsed"
        >
          
          
           
          <div
            class="disclaimer"
          >
            Cet outil n'est pas configuré pour recevoir des évènements ou pour modifier les propriétés.
          </div>
        </main>
      </div>
      
    </main>
     
    
  </div>
</body>
`;
