// Vitest Snapshot v1

exports[`ErrorDialogue connected component > displays error message 1`] = `
<body>
  <div>
    <!--&lt;Portal&gt;-->
    <!--&lt;Dialogue&gt;-->
    
    <!--&lt;ErrorDialogue&gt;-->
  </div>
  <div>
    <div
      class="filter s-OcGGhMDsfjw6 open"
    />
     
    <div
      class="backdrop s-OcGGhMDsfjw6 open"
    >
      <article
        class="s-OcGGhMDsfjw6"
        role="dialog"
      >
        <header
          aria-level="1"
          class="s-OcGGhMDsfjw6"
          role="heading"
        >
          title.error
        </header>
         
        <div
          class="content s-OcGGhMDsfjw6"
        >
          <main>
            some random error text
          </main>
        </div>
         
        <footer
          class="s-OcGGhMDsfjw6"
        >
          <div
            class="text-sm"
            slot="footer"
          >
            message.fix-and-reload
          </div>
        </footer>
      </article>
    </div>
  </div>
</body>
`;
